// Jest Snapshot v1, https://goo.gl/fbAQLP

exports[`App tests renders correctly 1`] = `ShallowWrapper {}`;
