// Jest Snapshot v1, https://goo.gl/fbAQLP

exports[`CustomField tests should render correctly 1`] = `ShallowWrapper {}`;
