// Jest Snapshot v1, https://goo.gl/fbAQLP

exports[`PortfolioItem tests renders correctly 1`] = `ShallowWrapper {}`;
